// Jest Snapshot v1, https://goo.gl/fbAQLP

exports[`Using snapshots should match snapshot 1`] = `
<div
  style={
    Object {
      "alignItems": "center",
      "display": "flex",
      "flexDirection": "column",
      "height": "100vh",
      "justifyContent": "center",
    }
  }
>
  <div>
    <button
      onClick={[Function]}
    >
      <p
        className="red_text"
      >
        Puchame!
      </p>
    </button>
  </div>
</div>
`;

exports[`should match snapshot 1`] = `
<div
  style={
    Object {
      "alignItems": "center",
      "display": "flex",
      "flexDirection": "column",
      "height": "100vh",
      "justifyContent": "center",
    }
  }
>
  <div>
    <button
      onClick={[Function]}
    >
      <p
        className="red_text"
      >
        Puchame!
      </p>
    </button>
  </div>
</div>
`;
